2026-09-30 13:48:35.855  start http://127.0.0.1:59046/background.html?mode=debug&cppoffline=1&offline=1
2026-09-30 13:48:36.007  WebView2 Runtime 154.0.4258.37
2026-09-30 13:48:36.635  navigate http://127.0.0.1:59046/background.html?mode=debug&cppoffline=1&offline=1 (debug=1)
2026-09-30 13:48:48.077  second start (http://127.0.0.1:59046/background.html?mode=debug&cppoffline=1&offline=1) -> brought the running window to the front
2026-09-30 13:49:25.537  quit message from wb_serve
2026-09-30 13:49:25.623  exit
2026-09-30 13:51:58.523  start file:///D:/HT9045/_integ_ioweb/web/boot_wait.html
2026-09-30 13:51:58.582  WebView2 Runtime 154.0.4258.37
2026-09-30 13:51:58.971  navigate file:///D:/HT9045/_integ_ioweb/web/boot_wait.html (debug=1)
2026-09-30 13:58:50.458  close: YES -> main screen Exit
2026-09-30 13:58:50.472  close: page answered 0x00000000 "exit"
2026-09-30 13:58:56.797  quit message from wb_serve
2026-09-30 13:58:56.946  exit
2026-09-30 14:00:33.902  start file:///D:/HT9045/_integ_ioweb/web/boot_wait.html
2026-09-30 14:00:33.998  WebView2 Runtime 154.0.4258.37
2026-09-30 14:00:34.539  navigate file:///D:/HT9045/_integ_ioweb/web/boot_wait.html (debug=1)
2026-09-30 14:08:11.179  quit message from wb_serve
2026-09-30 14:08:11.322  exit
2026-09-30 14:08:20.555  start file:///D:/HT9045/_integ_ioweb/web/boot_wait.html
2026-09-30 14:08:20.597  WebView2 Runtime 154.0.4258.37
2026-09-30 14:08:20.931  navigate file:///D:/HT9045/_integ_ioweb/web/boot_wait.html (debug=1)
2026-09-30 14:28:24.441  quit message from wb_serve
2026-09-30 14:28:24.546  exit
2026-09-30 14:32:18.988  start file:///D:/HT9045/_integ_ioweb/web/boot_wait.html
2026-09-30 14:32:19.025  WebView2 Runtime 154.0.4258.37
2026-09-30 14:32:19.287  navigate file:///D:/HT9045/_integ_ioweb/web/boot_wait.html (debug=1)
2026-09-30 14:33:41.478  close: YES -> main screen Exit
2026-09-30 14:33:41.481  close: page answered 0x00000000 "exit"
2026-09-30 14:33:45.522  quit message from wb_serve
2026-09-30 14:33:45.628  exit
2026-09-30 14:40:06.846  start file:///D:/HT9045/_integ_ioweb/web/boot_wait.html
2026-09-30 14:40:06.943  WebView2 Runtime 154.0.4258.37
2026-09-30 14:40:07.339  navigate file:///D:/HT9045/_integ_ioweb/web/boot_wait.html (debug=1)
2026-09-30 15:53:30.052  quit message from wb_serve
2026-09-30 15:53:30.215  exit
2026-09-30 15:55:41.692  start file:///D:/HT9045/_integ_ioweb/web/boot_wait.html
2026-09-30 15:55:41.742  WebView2 Runtime 154.0.4258.37
2026-09-30 15:55:42.216  navigate file:///D:/HT9045/_integ_ioweb/web/boot_wait.html (debug=1)
2026-09-30 16:39:28.875  quit message from wb_serve
2026-09-30 16:39:29.055  exit
2026-10-01 08:08:37.186  start file:///D:/HT9045/_integ_ioweb/web/boot_wait.html
2026-10-01 08:08:37.272  WebView2 Runtime 154.0.4258.37
2026-10-01 08:08:37.912  navigate file:///D:/HT9045/_integ_ioweb/web/boot_wait.html (debug=1)
2026-10-01 08:46:03.693  quit message from wb_serve
2026-10-01 08:46:03.867  exit
2026-10-01 08:46:14.178  start file:///D:/HT9045/_integ_ioweb/web/boot_wait.html
2026-10-01 08:46:14.308  WebView2 Runtime 154.0.4258.37
2026-10-01 08:46:14.839  navigate file:///D:/HT9045/_integ_ioweb/web/boot_wait.html (debug=1)
2026-10-01 08:46:28.528  close: YES -> main screen Exit
2026-10-01 08:46:28.528  close: page answered 0x00000000 "none"
2026-10-01 08:46:28.564  exit
2026-10-01 08:46:44.919  start file:///D:/HT9045/_integ_ioweb/web/boot_wait.html
2026-10-01 08:46:44.941  WebView2 Runtime 154.0.4258.37
2026-10-01 08:46:45.177  navigate file:///D:/HT9045/_integ_ioweb/web/boot_wait.html (debug=1)
2026-10-01 08:47:01.114  close: YES -> main screen Exit
2026-10-01 08:47:01.118  close: page answered 0x00000000 "none"
2026-10-01 08:47:01.158  exit
2026-10-01 09:12:03.614  start file:///D:/HT9045/_integ_ioweb/web/boot_wait.html
2026-10-01 09:12:03.729  WebView2 Runtime 154.0.4258.37
2026-10-01 09:12:04.316  navigate file:///D:/HT9045/_integ_ioweb/web/boot_wait.html (debug=1)
2026-10-01 09:12:32.797  close: YES -> main screen Exit
2026-10-01 09:12:32.799  close: page answered 0x00000000 "none"
2026-10-01 09:12:32.848  exit
2026-10-01 09:18:29.538  start file:///D:/HT9045/_integ_ioweb/web/boot_wait.html
2026-10-01 09:18:29.810  WebView2 Runtime 154.0.4258.37
2026-10-01 09:18:30.315  navigate file:///D:/HT9045/_integ_ioweb/web/boot_wait.html (debug=1)
2026-10-01 09:47:38.522  quit message from wb_serve
2026-10-01 09:47:38.671  exit
2026-10-01 09:48:49.733  start file:///D:/HT9045/_integ_ioweb/web/boot_wait.html
2026-10-01 09:48:49.825  WebView2 Runtime 154.0.4258.37
2026-10-01 09:48:50.298  navigate file:///D:/HT9045/_integ_ioweb/web/boot_wait.html (debug=1)
2026-10-01 10:04:23.081  quit message from wb_serve
2026-10-01 10:04:23.168  exit
2026-10-01 10:04:59.748  start file:///D:/HT9045/_integ_ioweb/web/boot_wait.html
2026-10-01 10:05:00.416  WebView2 Runtime 154.0.4258.37
2026-10-01 10:05:00.872  navigate file:///D:/HT9045/_integ_ioweb/web/boot_wait.html (debug=1)
2026-10-01 11:24:56.117  close: YES -> main screen Exit
2026-10-01 11:24:56.120  close: page answered 0x00000000 "exit"
2026-10-01 11:25:17.484  start http://127.0.0.1:8055/background.html?mode=debug&machine=HT9050
2026-10-01 11:25:17.557  WebView2 Runtime 154.0.4258.37
2026-10-01 11:25:18.046  navigate http://127.0.0.1:8055/background.html?mode=debug&machine=HT9050 (debug=1)
2026-10-01 13:23:20.077  start file:///D:/HT9045/_integ_ioweb/web/boot_wait.html
2026-10-01 13:23:20.464  WebView2 Runtime 154.0.4258.37
2026-10-01 13:23:21.064  navigate file:///D:/HT9045/_integ_ioweb/web/boot_wait.html (debug=1)
2026-10-01 13:26:20.626  start file:///D:/HT9045/_integ_ioweb/web/boot_wait.html
2026-10-01 13:26:20.892  WebView2 Runtime 154.0.4258.37
2026-10-01 13:26:23.642  navigate file:///D:/HT9045/_integ_ioweb/web/boot_wait.html (debug=1)
2026-10-01 14:29:08.853  start file:///D:/HT9045/_integ_ioweb/web/boot_wait.html
2026-10-01 14:29:09.086  WebView2 Runtime 154.0.4258.37
2026-10-01 14:29:10.147  navigate file:///D:/HT9045/_integ_ioweb/web/boot_wait.html (debug=1)
2026-10-01 16:03:31.598  quit message from wb_serve
2026-10-01 16:03:31.705  exit
2026-10-01 16:03:39.398  start file:///D:/HT9045/_integ_ioweb/web/boot_wait.html
2026-10-01 16:03:39.421  WebView2 Runtime 154.0.4258.37
2026-10-01 16:03:39.883  navigate file:///D:/HT9045/_integ_ioweb/web/boot_wait.html (debug=1)
2026-10-01 16:23:45.540  quit message from wb_serve
2026-10-01 16:23:45.624  exit
2026-10-01 16:24:02.119  start file:///D:/HT9045/_integ_ioweb/web/boot_wait.html
2026-10-01 16:24:02.138  WebView2 Runtime 154.0.4258.37
2026-10-01 16:24:02.726  navigate file:///D:/HT9045/_integ_ioweb/web/boot_wait.html (debug=1)
2026-10-01 19:56:53.195  start file:///D:/HT9045/_integ_ioweb/web/boot_wait.html
2026-10-01 19:56:53.221  WebView2 Runtime 154.0.4258.37
2026-10-01 19:56:53.849  navigate file:///D:/HT9045/_integ_ioweb/web/boot_wait.html (debug=1)
2026-10-01 20:03:55.037  quit message from wb_serve
2026-10-01 20:03:55.112  exit
2026-10-01 20:06:38.407  start file:///D:/HT9045/_integ_ioweb/web/boot_wait.html
2026-10-01 20:06:38.431  WebView2 Runtime 154.0.4258.37
2026-10-01 20:06:38.882  navigate file:///D:/HT9045/_integ_ioweb/web/boot_wait.html (debug=1)
2026-10-01 20:30:41.431  quit message from wb_serve
2026-10-01 20:30:41.535  exit
2026-10-01 20:38:40.611  start file:///D:/HT9045/_integ_ioweb/web/boot_wait.html
2026-10-01 20:38:40.749  WebView2 Runtime 154.0.4258.37
2026-10-01 20:38:41.383  navigate file:///D:/HT9045/_integ_ioweb/web/boot_wait.html (debug=1)
2026-10-01 20:45:57.398  start http://127.0.0.1:8055/background.html?mode=debug&machine=HT9050
2026-10-01 20:45:57.421  WebView2 Runtime 154.0.4258.37
2026-10-01 20:45:58.171  navigate http://127.0.0.1:8055/background.html?mode=debug&machine=HT9050 (debug=1)
2026-10-01 20:46:50.718  quit message from wb_serve
2026-10-01 20:46:50.798  exit
2026-10-01 20:57:01.563  start file:///D:/HT9045/_integ_ioweb/web/boot_wait.html
2026-10-01 20:57:01.598  WebView2 Runtime 154.0.4258.37
2026-10-01 20:57:02.458  navigate file:///D:/HT9045/_integ_ioweb/web/boot_wait.html (debug=1)
2026-10-01 21:02:45.339  start http://127.0.0.1:8055/background.html?mode=debug&machine=HT9050
2026-10-01 21:02:45.363  WebView2 Runtime 154.0.4258.37
2026-10-01 21:02:45.690  navigate http://127.0.0.1:8055/background.html?mode=debug&machine=HT9050 (debug=1)
2026-10-01 21:14:47.072  quit message from wb_serve
2026-10-01 21:14:47.147  exit
2026-10-01 21:15:11.576  start file:///D:/HT9045/_integ_ioweb/web/boot_wait.html
2026-10-01 21:15:11.610  WebView2 Runtime 154.0.4258.37
2026-10-01 21:15:12.057  navigate file:///D:/HT9045/_integ_ioweb/web/boot_wait.html (debug=1)
2026-10-01 21:16:47.579  start file:///D:/HT9045/_integ_ioweb/web/boot_wait.html
2026-10-01 21:16:47.598  WebView2 Runtime 154.0.4258.37
2026-10-01 21:16:48.150  navigate file:///D:/HT9045/_integ_ioweb/web/boot_wait.html (debug=1)
2026-10-01 21:17:32.863  close: YES -> main screen Exit
2026-10-01 21:17:32.865  close: page answered 0x00000000 "none"
2026-10-01 21:17:32.910  exit
2026-10-01 21:35:48.009  start file:///D:/HT9045/_integ_ioweb/web/boot_wait.html
2026-10-01 21:35:48.030  WebView2 Runtime 154.0.4258.37
2026-10-01 21:35:48.531  navigate file:///D:/HT9045/_integ_ioweb/web/boot_wait.html (debug=1)
2026-10-01 21:36:31.588  close: YES -> main screen Exit
2026-10-01 21:36:31.590  close: page answered 0x00000000 "none"
2026-10-01 21:36:31.633  exit
2026-10-01 21:38:55.280  start http://127.0.0.1:8055/background.html?mode=debug&machine=HT9050
2026-10-01 21:38:55.313  WebView2 Runtime 154.0.4258.37
2026-10-01 21:38:55.995  navigate http://127.0.0.1:8055/background.html?mode=debug&machine=HT9050 (debug=1)
2026-10-01 22:00:40.504  close: YES -> main screen Exit
2026-10-01 22:00:40.509  close: page answered 0x00000000 "exit"
2026-10-01 22:00:43.838  quit message from wb_serve
2026-10-01 22:00:43.948  exit
2026-10-02 08:16:56.210  start file:///D:/HT9045/_integ_ioweb/web/boot_wait.html
2026-10-02 08:16:56.351  WebView2 Runtime 154.0.4258.48
2026-10-02 08:16:57.123  navigate file:///D:/HT9045/_integ_ioweb/web/boot_wait.html (debug=1)
2026-10-02 08:17:40.218  close: YES -> main screen Exit
2026-10-02 08:17:40.220  close: page answered 0x00000000 "none"
2026-10-02 08:17:40.272  exit
2026-10-02 08:59:38.282  start file:///D:/HT9045/_integ_ioweb/web/boot_wait.html
2026-10-02 08:59:38.308  WebView2 Runtime 154.0.4258.48
2026-10-02 08:59:38.958  navigate file:///D:/HT9045/_integ_ioweb/web/boot_wait.html (debug=1)
2026-10-02 09:05:13.794  close: YES -> main screen Exit
2026-10-02 09:05:13.796  close: page answered 0x00000000 "none"
2026-10-02 09:05:13.859  exit
2026-10-02 09:11:30.517  start http://127.0.0.1:8055/background.html?mode=debug&machine=HT9050
2026-10-02 09:11:30.544  WebView2 Runtime 154.0.4258.48
2026-10-02 09:11:31.267  navigate http://127.0.0.1:8055/background.html?mode=debug&machine=HT9050 (debug=1)
2026-10-02 09:17:00.957  close: YES -> main screen Exit
2026-10-02 09:17:00.960  close: page answered 0x00000000 "none"
2026-10-02 09:17:01.015  exit
2026-10-02 09:33:03.074  start file:///D:/HT9045/_integ_ioweb/web/boot_wait.html
2026-10-02 09:33:03.101  WebView2 Runtime 154.0.4258.48
2026-10-02 09:33:03.639  navigate file:///D:/HT9045/_integ_ioweb/web/boot_wait.html (debug=1)
2026-10-02 09:40:51.436  second start asked for file:///D:/HT9045/_integ_ioweb/web/boot_wait.html
2026-10-02 09:40:51.436  second start (file:///D:/HT9045/_integ_ioweb/web/boot_wait.html) -> the running window was brought to the front and sent there
2026-10-02 09:45:42.504  quit message from wb_serve
2026-10-02 09:45:42.556  exit
2026-10-02 09:45:46.357  start file:///D:/HT9045/_integ_ioweb/web/boot_wait.html
2026-10-02 09:45:46.378  WebView2 Runtime 154.0.4258.48
2026-10-02 09:45:46.669  navigate file:///D:/HT9045/_integ_ioweb/web/boot_wait.html (debug=1)
2026-10-02 09:52:55.606  quit message from wb_serve
2026-10-02 09:52:55.677  exit
2026-10-02 09:53:13.295  start file:///D:/HT9045/_integ_ioweb/web/boot_wait.html
2026-10-02 09:53:13.317  WebView2 Runtime 154.0.4258.48
2026-10-02 09:53:13.667  navigate file:///D:/HT9045/_integ_ioweb/web/boot_wait.html (debug=1)
2026-10-02 10:06:50.567  second start asked for http://127.0.0.1:8055/background.html?mode=debug&machine=HT9050
2026-10-02 10:06:50.567  second start (http://127.0.0.1:8055/background.html?mode=debug&machine=HT9050) -> the running window was brought to the front and sent there
2026-10-02 10:07:20.950  second start asked for http://127.0.0.1:8055/background.html?mode=debug&machine=HT9050
2026-10-02 10:07:20.952  second start (http://127.0.0.1:8055/background.html?mode=debug&machine=HT9050) -> the running window was brought to the front and sent there
2026-10-02 10:07:50.910  second start asked for http://127.0.0.1:8055/background.html?mode=debug&machine=HT9050
2026-10-02 10:07:50.912  second start (http://127.0.0.1:8055/background.html?mode=debug&machine=HT9050) -> the running window was brought to the front and sent there
2026-10-02 10:08:20.923  second start asked for http://127.0.0.1:8055/background.html?mode=debug&machine=HT9050
2026-10-02 10:08:20.924  second start (http://127.0.0.1:8055/background.html?mode=debug&machine=HT9050) -> the running window was brought to the front and sent there
2026-10-02 10:08:51.442  second start asked for http://127.0.0.1:8055/background.html?mode=debug&machine=HT9050
2026-10-02 10:08:51.443  second start (http://127.0.0.1:8055/background.html?mode=debug&machine=HT9050) -> the running window was brought to the front and sent there
2026-10-02 10:09:21.431  second start asked for http://127.0.0.1:8055/background.html?mode=debug&machine=HT9050
2026-10-02 10:09:21.431  second start (http://127.0.0.1:8055/background.html?mode=debug&machine=HT9050) -> the running window was brought to the front and sent there
2026-10-02 10:09:51.456  second start asked for http://127.0.0.1:8055/background.html?mode=debug&machine=HT9050
2026-10-02 10:09:51.457  second start (http://127.0.0.1:8055/background.html?mode=debug&machine=HT9050) -> the running window was brought to the front and sent there
2026-10-02 10:10:21.436  second start asked for http://127.0.0.1:8055/background.html?mode=debug&machine=HT9050
2026-10-02 10:10:21.436  second start (http://127.0.0.1:8055/background.html?mode=debug&machine=HT9050) -> the running window was brought to the front and sent there
2026-10-02 10:10:51.442  second start asked for http://127.0.0.1:8055/background.html?mode=debug&machine=HT9050
2026-10-02 10:10:51.443  second start (http://127.0.0.1:8055/background.html?mode=debug&machine=HT9050) -> the running window was brought to the front and sent there
2026-10-02 10:11:21.479  second start asked for http://127.0.0.1:8055/background.html?mode=debug&machine=HT9050
2026-10-02 10:11:21.479  second start (http://127.0.0.1:8055/background.html?mode=debug&machine=HT9050) -> the running window was brought to the front and sent there
2026-10-02 10:11:39.464  second start asked for http://127.0.0.1:8055/background.html?mode=debug&machine=HT9050
2026-10-02 10:11:39.465  second start (http://127.0.0.1:8055/background.html?mode=debug&machine=HT9050) -> the running window was brought to the front and sent there
2026-10-02 10:11:51.434  second start asked for http://127.0.0.1:8055/background.html?mode=debug&machine=HT9050
2026-10-02 10:11:51.434  second start (http://127.0.0.1:8055/background.html?mode=debug&machine=HT9050) -> the running window was brought to the front and sent there
2026-10-02 10:12:21.430  second start asked for http://127.0.0.1:8055/background.html?mode=debug&machine=HT9050
2026-10-02 10:12:21.430  second start (http://127.0.0.1:8055/background.html?mode=debug&machine=HT9050) -> the running window was brought to the front and sent there
2026-10-02 10:12:51.442  second start asked for http://127.0.0.1:8055/background.html?mode=debug&machine=HT9050
2026-10-02 10:12:51.443  second start (http://127.0.0.1:8055/background.html?mode=debug&machine=HT9050) -> the running window was brought to the front and sent there
2026-10-02 10:13:21.431  second start asked for http://127.0.0.1:8055/background.html?mode=debug&machine=HT9050
2026-10-02 10:13:21.431  second start (http://127.0.0.1:8055/background.html?mode=debug&machine=HT9050) -> the running window was brought to the front and sent there
2026-10-02 10:13:51.427  second start asked for http://127.0.0.1:8055/background.html?mode=debug&machine=HT9050
2026-10-02 10:13:51.428  second start (http://127.0.0.1:8055/background.html?mode=debug&machine=HT9050) -> the running window was brought to the front and sent there
2026-10-02 10:14:21.430  second start asked for http://127.0.0.1:8055/background.html?mode=debug&machine=HT9050
2026-10-02 10:14:21.431  second start (http://127.0.0.1:8055/background.html?mode=debug&machine=HT9050) -> the running window was brought to the front and sent there
2026-10-02 10:14:51.427  second start asked for http://127.0.0.1:8055/background.html?mode=debug&machine=HT9050
2026-10-02 10:14:51.428  second start (http://127.0.0.1:8055/background.html?mode=debug&machine=HT9050) -> the running window was brought to the front and sent there
2026-10-02 10:15:21.431  second start asked for http://127.0.0.1:8055/background.html?mode=debug&machine=HT9050
2026-10-02 10:15:21.432  second start (http://127.0.0.1:8055/background.html?mode=debug&machine=HT9050) -> the running window was brought to the front and sent there
2026-10-02 10:15:51.429  second start asked for http://127.0.0.1:8055/background.html?mode=debug&machine=HT9050
2026-10-02 10:15:51.429  second start (http://127.0.0.1:8055/background.html?mode=debug&machine=HT9050) -> the running window was brought to the front and sent there
2026-10-02 10:16:21.931  second start asked for http://127.0.0.1:8055/background.html?mode=debug&machine=HT9050
2026-10-02 10:16:21.931  second start (http://127.0.0.1:8055/background.html?mode=debug&machine=HT9050) -> the running window was brought to the front and sent there
2026-10-02 10:16:51.930  second start asked for http://127.0.0.1:8055/background.html?mode=debug&machine=HT9050
2026-10-02 10:16:51.931  second start (http://127.0.0.1:8055/background.html?mode=debug&machine=HT9050) -> the running window was brought to the front and sent there
2026-10-02 10:17:22.445  second start asked for http://127.0.0.1:8055/background.html?mode=debug&machine=HT9050
2026-10-02 10:17:22.445  second start (http://127.0.0.1:8055/background.html?mode=debug&machine=HT9050) -> the running window was brought to the front and sent there
2026-10-02 10:17:52.933  second start asked for http://127.0.0.1:8055/background.html?mode=debug&machine=HT9050
2026-10-02 10:17:52.933  second start (http://127.0.0.1:8055/background.html?mode=debug&machine=HT9050) -> the running window was brought to the front and sent there
2026-10-02 10:18:23.442  second start asked for http://127.0.0.1:8055/background.html?mode=debug&machine=HT9050
2026-10-02 10:18:23.442  second start (http://127.0.0.1:8055/background.html?mode=debug&machine=HT9050) -> the running window was brought to the front and sent there
2026-10-02 10:18:53.442  second start asked for http://127.0.0.1:8055/background.html?mode=debug&machine=HT9050
2026-10-02 10:18:53.442  second start (http://127.0.0.1:8055/background.html?mode=debug&machine=HT9050) -> the running window was brought to the front and sent there
2026-10-02 10:19:16.825  quit message from wb_serve
2026-10-02 10:19:16.926  exit
2026-10-02 10:21:25.808  start file:///D:/HT9045/_integ_ioweb/web/boot_wait.html
2026-10-02 10:21:25.831  WebView2 Runtime 154.0.4258.48
2026-10-02 10:21:26.512  navigate file:///D:/HT9045/_integ_ioweb/web/boot_wait.html (debug=1)
2026-10-02 10:22:20.983  quit message from wb_serve
2026-10-02 10:22:21.029  exit
2026-10-02 10:24:28.796  start file:///D:/HT9045/_integ_ioweb/web/boot_wait.html
2026-10-02 10:24:28.818  WebView2 Runtime 154.0.4258.48
2026-10-02 10:24:29.052  navigate file:///D:/HT9045/_integ_ioweb/web/boot_wait.html (debug=1)
2026-10-02 10:25:17.821  second start asked for file:///D:/HT9045/_integ_ioweb/web/boot_wait.html
2026-10-02 10:25:17.822  second start (file:///D:/HT9045/_integ_ioweb/web/boot_wait.html) -> the running window was brought to the front and sent there
2026-10-02 10:29:57.214  second start asked for file:///D:/HT9045/_integ_ioweb/web/boot_wait.html
2026-10-02 10:29:57.215  second start (file:///D:/HT9045/_integ_ioweb/web/boot_wait.html) -> the running window was brought to the front and sent there
2026-10-02 10:32:25.822  second start asked for file:///D:/HT9045/_integ_ioweb/web/boot_wait.html
2026-10-02 10:32:25.823  second start (file:///D:/HT9045/_integ_ioweb/web/boot_wait.html) -> the running window was brought to the front and sent there
2026-10-02 14:38:26.388  quit message from wb_serve
2026-10-02 14:38:26.496  exit
2026-10-02 14:41:52.766  start file:///D:/HT9045/_integ_ioweb/web/boot_wait.html
2026-10-02 14:41:52.824  WebView2 Runtime 154.0.4258.48
2026-10-02 14:41:53.526  navigate file:///D:/HT9045/_integ_ioweb/web/boot_wait.html (debug=1)
2026-10-02 14:50:47.139  quit message from wb_serve
2026-10-02 14:50:47.205  exit
2026-10-02 14:51:07.427  start file:///D:/HT9045/_integ_ioweb/web/boot_wait.html
2026-10-02 14:51:07.449  WebView2 Runtime 154.0.4258.48
2026-10-02 14:51:07.736  navigate file:///D:/HT9045/_integ_ioweb/web/boot_wait.html (debug=1)
2026-10-02 15:13:42.884  quit message from wb_serve
2026-10-02 15:13:42.965  exit
2026-10-02 15:13:53.300  start file:///D:/HT9045/_integ_ioweb/web/boot_wait.html
2026-10-02 15:13:53.322  WebView2 Runtime 154.0.4258.48
2026-10-02 15:13:53.578  navigate file:///D:/HT9045/_integ_ioweb/web/boot_wait.html (debug=1)
2026-10-02 15:39:23.507  start file:///D:/HT9045/_integ_ioweb/web/boot_wait.html
2026-10-02 15:39:23.753  WebView2 Runtime 154.0.4258.48
2026-10-02 15:39:25.655  navigate file:///D:/HT9045/_integ_ioweb/web/boot_wait.html (debug=1)
2026-10-02 15:40:13.447  quit message from wb_serve
2026-10-02 15:40:13.479  exit
2026-10-02 15:41:54.529  start file:///D:/HT9045/_integ_ioweb/web/boot_wait.html
2026-10-02 15:41:54.547  WebView2 Runtime 154.0.4258.48
2026-10-02 15:41:55.168  navigate file:///D:/HT9045/_integ_ioweb/web/boot_wait.html (debug=1)
2026-10-02 15:59:23.952  start file:///D:/HT9045/_integ_ioweb/web/boot_wait.html
2026-10-02 15:59:23.973  WebView2 Runtime 154.0.4258.48
2026-10-02 15:59:24.756  navigate file:///D:/HT9045/_integ_ioweb/web/boot_wait.html (debug=1)
2026-10-02 16:00:24.732  quit message from wb_serve
2026-10-02 16:00:24.805  exit
2026-10-02 16:00:40.917  start file:///D:/HT9045/_integ_ioweb/web/boot_wait.html
2026-10-02 16:00:40.927  WebView2 Runtime 154.0.4258.48
2026-10-02 16:00:41.388  navigate file:///D:/HT9045/_integ_ioweb/web/boot_wait.html (debug=1)
2026-10-02 16:01:16.955  quit message from wb_serve
2026-10-02 16:01:17.025  exit
2026-10-02 16:25:17.991  start file:///D:/HT9045/_integ_ioweb/web/boot_wait.html
2026-10-02 16:25:18.173  WebView2 Runtime 154.0.4258.48
2026-10-02 16:25:19.060  navigate file:///D:/HT9045/_integ_ioweb/web/boot_wait.html (debug=1)
2026-10-02 16:28:08.291  quit message from wb_serve
2026-10-02 16:28:08.364  exit
2026-10-02 16:32:27.049  start file:///D:/HT9045/_integ_ioweb/web/boot_wait.html
2026-10-02 16:32:27.224  WebView2 Runtime 154.0.4258.48
2026-10-02 16:32:28.328  navigate file:///D:/HT9045/_integ_ioweb/web/boot_wait.html (debug=1)
2026-10-02 16:32:40.998  quit message from wb_serve
2026-10-02 16:32:41.038  exit
2026-10-02 16:33:20.205  start http://127.0.0.1:8055/background.html?mode=debug&machine=HT9050
2026-10-02 16:33:20.234  WebView2 Runtime 154.0.4258.48
2026-10-02 16:33:20.571  navigate http://127.0.0.1:8055/background.html?mode=debug&machine=HT9050 (debug=1)
2026-10-02 16:36:57.992  quit message from wb_serve
2026-10-02 16:36:58.065  exit
2026-10-02 16:45:56.019  start file:///D:/HT9045/_integ_ioweb/web/boot_wait.html
2026-10-02 16:45:56.251  WebView2 Runtime 154.0.4258.48
2026-10-02 16:45:57.434  navigate file:///D:/HT9045/_integ_ioweb/web/boot_wait.html (debug=1)
2026-10-02 16:46:12.302  quit message from wb_serve
2026-10-02 16:46:12.341  exit
2026-10-02 16:46:57.394  start http://127.0.0.1:8055/background.html?mode=debug&machine=HT9050
2026-10-02 16:46:57.425  WebView2 Runtime 154.0.4258.48
2026-10-02 16:46:57.787  navigate http://127.0.0.1:8055/background.html?mode=debug&machine=HT9050 (debug=1)
2026-10-02 16:59:43.879  quit message from wb_serve
2026-10-02 16:59:43.956  exit
2026-10-02 17:06:14.595  start file:///D:/HT9045/_integ_ioweb/web/boot_wait.html
2026-10-02 17:06:14.628  WebView2 Runtime 154.0.4258.48
2026-10-02 17:06:15.383  navigate file:///D:/HT9045/_integ_ioweb/web/boot_wait.html (debug=1)
2026-10-02 17:13:52.354  quit message from wb_serve
2026-10-02 17:13:52.436  exit
2026-10-02 17:37:48.442  start file:///D:/HT9045/_integ_ioweb/web/boot_wait.html
2026-10-02 17:37:48.627  WebView2 Runtime 154.0.4258.48
2026-10-02 17:37:49.572  navigate file:///D:/HT9045/_integ_ioweb/web/boot_wait.html (debug=1)
2026-10-02 18:06:04.559  quit message from wb_serve
2026-10-02 18:06:04.699  exit
2026-10-02 18:06:15.954  start file:///D:/HT9045/_integ_ioweb/web/boot_wait.html
2026-10-02 18:06:15.974  WebView2 Runtime 154.0.4258.48
2026-10-02 18:06:16.665  navigate file:///D:/HT9045/_integ_ioweb/web/boot_wait.html (debug=1)
2026-10-02 18:08:48.868  quit message from wb_serve
2026-10-02 18:08:48.928  exit
2026-10-02 18:09:02.921  start file:///D:/HT9045/_integ_ioweb/web/boot_wait.html
2026-10-02 18:09:02.940  WebView2 Runtime 154.0.4258.48
2026-10-02 18:09:03.247  navigate file:///D:/HT9045/_integ_ioweb/web/boot_wait.html (debug=1)
2026-10-02 18:11:24.520  quit message from wb_serve
2026-10-02 18:11:24.576  exit
2026-10-02 18:26:13.557  start file:///D:/HT9045/_integ_ioweb/web/boot_wait.html
2026-10-02 18:26:13.574  WebView2 Runtime 154.0.4258.48
2026-10-02 18:26:14.150  navigate file:///D:/HT9045/_integ_ioweb/web/boot_wait.html (debug=1)
2026-10-02 18:37:04.824  quit message from wb_serve
2026-10-02 18:37:04.892  exit
2026-10-02 18:37:10.020  start file:///D:/HT9045/_integ_ioweb/web/boot_wait.html
2026-10-02 18:37:10.039  WebView2 Runtime 154.0.4258.48
2026-10-02 18:37:10.528  navigate file:///D:/HT9045/_integ_ioweb/web/boot_wait.html (debug=1)
2026-10-02 18:39:22.655  quit message from wb_serve
2026-10-02 18:39:22.721  exit
2026-10-02 18:39:31.368  start file:///D:/HT9045/_integ_ioweb/web/boot_wait.html
2026-10-02 18:39:31.386  WebView2 Runtime 154.0.4258.48
2026-10-02 18:39:31.612  navigate file:///D:/HT9045/_integ_ioweb/web/boot_wait.html (debug=1)
2026-10-02 18:40:33.948  quit message from wb_serve
2026-10-02 18:40:34.008  exit
2026-10-02 19:10:43.223  start file:///D:/HT9045/_integ_ioweb/web/boot_wait.html
2026-10-02 19:10:43.241  WebView2 Runtime 154.0.4258.48
2026-10-02 19:10:43.737  navigate file:///D:/HT9045/_integ_ioweb/web/boot_wait.html (debug=1)
2026-10-02 19:11:50.206  quit message from wb_serve
2026-10-02 19:11:50.267  exit
2026-10-02 19:51:01.085  start file:///D:/HT9045/_integ_ioweb/web/boot_wait.html
2026-10-02 19:51:01.106  WebView2 Runtime 154.0.4258.48
2026-10-02 19:51:01.857  navigate file:///D:/HT9045/_integ_ioweb/web/boot_wait.html (debug=1)
2026-10-02 19:52:53.801  close: YES -> main screen Exit
2026-10-02 19:52:53.802  close: page answered 0x00000000 "none"
2026-10-02 19:52:53.862  exit
2026-10-02 19:54:41.338  start http://127.0.0.1:8055/background.html?mode=debug&machine=HT9050
2026-10-02 19:54:41.355  WebView2 Runtime 154.0.4258.48
2026-10-02 19:54:41.955  navigate http://127.0.0.1:8055/background.html?mode=debug&machine=HT9050 (debug=1)
2026-10-02 20:18:00.220  quit message from wb_serve
2026-10-02 20:18:00.292  exit
2026-10-02 20:20:03.976  start file:///D:/HT9045/_integ_ioweb/web/boot_wait.html
2026-10-02 20:20:03.996  WebView2 Runtime 154.0.4258.48
2026-10-02 20:20:04.241  navigate file:///D:/HT9045/_integ_ioweb/web/boot_wait.html (debug=1)
2026-10-02 20:33:53.831  close: YES -> main screen Exit
2026-10-02 20:33:53.836  close: page answered 0x00000000 "none"
2026-10-02 20:33:53.905  exit
2026-10-02 20:58:57.454  start file:///D:/HT9045/_integ_ioweb/web/boot_wait.html
2026-10-02 20:58:57.473  WebView2 Runtime 154.0.4258.48
2026-10-02 20:58:58.134  navigate file:///D:/HT9045/_integ_ioweb/web/boot_wait.html (debug=1)
2026-10-02 21:12:10.441  quit message from wb_serve
2026-10-02 21:12:10.512  exit
2026-10-02 21:24:52.086  start file:///D:/HT9045/_integ_ioweb/web/boot_wait.html
2026-10-02 21:24:52.107  WebView2 Runtime 154.0.4258.48
2026-10-02 21:24:52.700  navigate file:///D:/HT9045/_integ_ioweb/web/boot_wait.html (debug=1)
2026-10-02 21:25:32.618  close: YES -> main screen Exit
2026-10-02 21:25:32.620  close: page answered 0x00000000 "none"
2026-10-02 21:25:32.666  exit
2026-10-02 21:35:24.164  start file:///D:/HT9045/_integ_ioweb/web/boot_wait.html
2026-10-02 21:35:24.179  WebView2 Runtime 154.0.4258.48
2026-10-02 21:35:24.709  navigate file:///D:/HT9045/_integ_ioweb/web/boot_wait.html (debug=1)
2026-10-02 21:45:58.485  quit message from wb_serve
2026-10-02 21:45:58.544  exit
2026-10-02 21:46:03.085  start file:///D:/HT9045/_integ_ioweb/web/boot_wait.html
2026-10-02 21:46:03.109  WebView2 Runtime 154.0.4258.48
2026-10-02 21:46:03.391  navigate file:///D:/HT9045/_integ_ioweb/web/boot_wait.html (debug=1)
2026-10-02 21:46:58.235  quit message from wb_serve
2026-10-02 21:46:58.299  exit
2026-10-02 21:57:38.313  start file:///D:/HT9045/_integ_ioweb/web/boot_wait.html
2026-10-02 21:57:38.329  WebView2 Runtime 154.0.4258.48
2026-10-02 21:57:38.714  navigate file:///D:/HT9045/_integ_ioweb/web/boot_wait.html (debug=1)
2026-10-02 22:00:38.288  quit message from wb_serve
2026-10-02 22:00:38.347  exit
2026-10-02 22:07:08.777  start file:///D:/HT9045/_integ_ioweb/web/boot_wait.html
2026-10-02 22:07:08.801  WebView2 Runtime 154.0.4258.48
2026-10-02 22:07:09.156  navigate file:///D:/HT9045/_integ_ioweb/web/boot_wait.html (debug=1)
2026-10-02 22:11:49.554  close: YES -> main screen Exit
2026-10-02 22:11:49.556  close: page answered 0x00000000 "none"
2026-10-02 22:11:49.753  exit
2026-10-02 22:12:18.669  start http://127.0.0.1:8055/background.html?mode=debug&machine=HT9050
2026-10-02 22:12:18.699  WebView2 Runtime 154.0.4258.48
2026-10-02 22:12:19.112  navigate http://127.0.0.1:8055/background.html?mode=debug&machine=HT9050 (debug=1)
2026-10-02 22:12:34.286  close: YES -> main screen Exit
2026-10-02 22:12:34.287  close: page answered 0x00000000 "exit"
2026-10-02 22:12:37.544  quit message from wb_serve
2026-10-02 22:12:37.601  exit
2026-10-02 22:12:51.739  start file:///D:/HT9045/_integ_ioweb/web/boot_wait.html
2026-10-02 22:12:51.758  WebView2 Runtime 154.0.4258.48
2026-10-02 22:12:51.992  navigate file:///D:/HT9045/_integ_ioweb/web/boot_wait.html (debug=1)
2026-10-02 22:17:43.559  quit message from wb_serve
2026-10-02 22:17:43.644  exit
2026-10-03 09:10:56.925  start file:///D:/HT9045/_integ_ioweb/web/boot_wait.html
2026-10-03 09:10:57.155  WebView2 Runtime 154.0.4258.48
2026-10-03 09:10:58.075  navigate file:///D:/HT9045/_integ_ioweb/web/boot_wait.html (debug=1)
2026-10-03 10:00:52.066  quit message from wb_serve
2026-10-03 10:00:52.151  exit
2026-10-03 10:01:01.542  start file:///D:/HT9045/_integ_ioweb/web/boot_wait.html
2026-10-03 10:01:01.562  WebView2 Runtime 154.0.4258.48
2026-10-03 10:01:02.229  navigate file:///D:/HT9045/_integ_ioweb/web/boot_wait.html (debug=1)
2026-10-03 10:04:07.649  quit message from wb_serve
2026-10-03 10:04:07.725  exit
2026-10-03 10:05:01.073  start file:///D:/HT9045/_integ_ioweb/web/boot_wait.html
2026-10-03 10:05:01.092  WebView2 Runtime 154.0.4258.48
2026-10-03 10:05:01.346  navigate file:///D:/HT9045/_integ_ioweb/web/boot_wait.html (debug=1)
2026-10-03 11:41:59.033  quit message from wb_serve
2026-10-03 11:41:59.123  exit
2026-10-03 11:42:02.941  start file:///D:/HT9045/_integ_ioweb/web/boot_wait.html
2026-10-03 11:42:02.961  WebView2 Runtime 154.0.4258.48
2026-10-03 11:42:03.605  navigate file:///D:/HT9045/_integ_ioweb/web/boot_wait.html (debug=1)
2026-10-03 11:42:20.841  close: YES -> main screen Exit
2026-10-03 11:42:20.843  close: page answered 0x00000000 "none"
2026-10-03 11:42:20.880  exit
2026-10-03 11:46:55.068  start file:///D:/HT9045/_integ_ioweb/web/boot_wait.html
2026-10-03 11:46:55.088  WebView2 Runtime 154.0.4258.48
2026-10-03 11:46:55.352  navigate file:///D:/HT9045/_integ_ioweb/web/boot_wait.html (debug=1)
2026-10-03 11:51:01.347  quit message from wb_serve
2026-10-03 11:51:01.431  exit
2026-10-03 11:58:35.055  start file:///D:/HT9045/_integ_ioweb/web/boot_wait.html
2026-10-03 11:58:35.074  WebView2 Runtime 154.0.4258.48
2026-10-03 11:58:35.554  navigate file:///D:/HT9045/_integ_ioweb/web/boot_wait.html (debug=1)
2026-10-03 13:17:04.555  quit message from wb_serve
2026-10-03 13:17:04.632  exit
2026-10-03 13:18:54.606  start file:///D:/HT9045/_integ_ioweb/web/boot_wait.html
2026-10-03 13:18:54.623  WebView2 Runtime 154.0.4258.48
2026-10-03 13:18:55.204  navigate file:///D:/HT9045/_integ_ioweb/web/boot_wait.html (debug=1)
2026-10-03 13:23:10.970  quit message from wb_serve
2026-10-03 13:23:11.044  exit
2026-10-03 13:23:28.601  start file:///D:/HT9045/_integ_ioweb/web/boot_wait.html
2026-10-03 13:23:28.620  WebView2 Runtime 154.0.4258.48
2026-10-03 13:23:29.107  navigate file:///D:/HT9045/_integ_ioweb/web/boot_wait.html (debug=1)
2026-10-03 13:24:15.942  close: YES -> main screen Exit
2026-10-03 13:24:15.943  close: page answered 0x00000000 "exit"
2026-10-03 13:24:20.511  quit message from wb_serve
2026-10-03 13:24:20.599  exit
2026-10-03 13:24:28.120  start file:///D:/HT9045/_integ_ioweb/web/boot_wait.html
2026-10-03 13:24:28.144  WebView2 Runtime 154.0.4258.48
2026-10-03 13:24:28.543  navigate file:///D:/HT9045/_integ_ioweb/web/boot_wait.html (debug=1)
2026-10-03 13:33:14.044  quit message from wb_serve
2026-10-03 13:33:14.109  exit
2026-10-03 13:49:23.213  start file:///D:/HT9045/_integ_ioweb/web/boot_wait.html
2026-10-03 13:49:23.233  WebView2 Runtime 154.0.4258.48
2026-10-03 13:49:23.733  navigate file:///D:/HT9045/_integ_ioweb/web/boot_wait.html (debug=1)
2026-10-03 14:54:36.522  quit message from wb_serve
2026-10-03 14:54:36.723  exit
2026-10-03 15:15:13.416  start file:///D:/HT9045/_integ_ioweb/web/boot_wait.html
2026-10-03 15:15:13.438  WebView2 Runtime 154.0.4258.48
2026-10-03 15:15:14.107  navigate file:///D:/HT9045/_integ_ioweb/web/boot_wait.html (debug=1)
2026-10-03 15:16:12.204  close: YES -> main screen Exit
2026-10-03 15:16:12.204  close: page answered 0x00000000 "none"
2026-10-03 15:16:12.249  exit
2026-10-03 15:20:39.493  start http://127.0.0.1:8055/background.html?mode=debug&machine=HT9050
2026-10-03 15:20:39.525  WebView2 Runtime 154.0.4258.48
2026-10-03 15:20:40.400  navigate http://127.0.0.1:8055/background.html?mode=debug&machine=HT9050 (debug=1)
2026-10-03 15:20:52.008  close: YES -> main screen Exit
2026-10-03 15:20:52.010  close: page answered 0x00000000 "exit"
2026-10-03 15:20:55.679  quit message from wb_serve
2026-10-03 15:20:55.764  exit
2026-10-03 15:21:00.649  start file:///D:/HT9045/_integ_ioweb/web/boot_wait.html
2026-10-03 15:21:00.669  WebView2 Runtime 154.0.4258.48
2026-10-03 15:21:01.176  navigate file:///D:/HT9045/_integ_ioweb/web/boot_wait.html (debug=1)
2026-10-03 15:31:28.609  quit message from wb_serve
2026-10-03 15:31:28.680  exit
2026-10-03 15:32:42.871  start file:///D:/HT9045/_integ_ioweb/web/boot_wait.html
2026-10-03 15:32:42.893  WebView2 Runtime 154.0.4258.48
2026-10-03 15:32:43.426  navigate file:///D:/HT9045/_integ_ioweb/web/boot_wait.html (debug=1)
2026-10-03 16:06:15.164  quit message from wb_serve
2026-10-03 16:06:15.282  exit
2026-10-03 16:10:32.476  start file:///D:/HT9045/_integ_ioweb/web/boot_wait.html
2026-10-03 16:10:32.500  WebView2 Runtime 154.0.4258.48
2026-10-03 16:10:33.166  navigate file:///D:/HT9045/_integ_ioweb/web/boot_wait.html (debug=1)
2026-10-03 16:15:02.701  quit message from wb_serve
2026-10-03 16:15:02.783  exit
2026-10-03 16:16:55.957  start file:///D:/HT9045/_integ_ioweb/web/boot_wait.html
2026-10-03 16:16:55.975  WebView2 Runtime 154.0.4258.48
2026-10-03 16:16:56.461  navigate file:///D:/HT9045/_integ_ioweb/web/boot_wait.html (debug=1)
2026-10-03 16:17:57.525  quit message from wb_serve
2026-10-03 16:17:57.592  exit
2026-10-03 16:28:45.894  start file:///D:/HT9045/_integ_ioweb/web/boot_wait.html
2026-10-03 16:28:45.912  WebView2 Runtime 154.0.4258.48
2026-10-03 16:28:46.190  navigate file:///D:/HT9045/_integ_ioweb/web/boot_wait.html (debug=1)
2026-10-03 16:30:24.535  quit message from wb_serve
2026-10-03 16:30:24.605  exit
2026-10-03 16:36:57.530  start file:///D:/HT9045/_integ_ioweb/web/boot_wait.html
2026-10-03 16:36:57.549  WebView2 Runtime 154.0.4258.48
2026-10-03 16:36:57.802  navigate file:///D:/HT9045/_integ_ioweb/web/boot_wait.html (debug=1)
2026-10-03 16:40:07.483  quit message from wb_serve
2026-10-03 16:40:07.563  exit
2026-10-03 16:42:17.769  start file:///D:/HT9045/_integ_ioweb/web/boot_wait.html
2026-10-03 16:42:17.787  WebView2 Runtime 154.0.4258.48
2026-10-03 16:42:18.286  navigate file:///D:/HT9045/_integ_ioweb/web/boot_wait.html (debug=1)
2026-10-03 16:46:44.569  quit message from wb_serve
2026-10-03 16:46:44.635  exit
2026-10-03 16:47:01.964  start file:///D:/HT9045/_integ_ioweb/web/boot_wait.html
2026-10-03 16:47:01.984  WebView2 Runtime 154.0.4258.48
2026-10-03 16:47:02.472  navigate file:///D:/HT9045/_integ_ioweb/web/boot_wait.html (debug=1)
2026-10-03 16:48:03.642  quit message from wb_serve
2026-10-03 16:48:03.713  exit
2026-10-03 16:51:09.703  start file:///D:/HT9045/_integ_ioweb/web/boot_wait.html
2026-10-03 16:51:09.728  WebView2 Runtime 154.0.4258.48
2026-10-03 16:51:10.680  navigate file:///D:/HT9045/_integ_ioweb/web/boot_wait.html (debug=1)
2026-10-03 16:53:23.328  quit message from wb_serve
2026-10-03 16:53:23.409  exit
2026-10-03 17:02:59.227  start file:///D:/HT9045/_integ_ioweb/web/boot_wait.html
2026-10-03 17:02:59.264  WebView2 Runtime 154.0.4258.48
2026-10-03 17:03:00.264  navigate file:///D:/HT9045/_integ_ioweb/web/boot_wait.html (debug=1)
2026-10-03 17:09:43.588  quit message from wb_serve
2026-10-03 17:09:43.737  exit
2026-10-03 17:11:46.294  start file:///D:/HT9045/_integ_ioweb/web/boot_wait.html
2026-10-03 17:11:46.320  WebView2 Runtime 154.0.4258.48
2026-10-03 17:11:47.365  navigate file:///D:/HT9045/_integ_ioweb/web/boot_wait.html (debug=1)
2026-10-03 17:17:20.027  quit message from wb_serve
2026-10-03 17:17:20.148  exit
2026-10-03 17:17:52.316  start file:///D:/HT9045/_integ_ioweb/web/boot_wait.html
2026-10-03 17:17:52.344  WebView2 Runtime 154.0.4258.48
2026-10-03 17:17:54.361  navigate file:///D:/HT9045/_integ_ioweb/web/boot_wait.html (debug=1)
2026-10-03 17:23:11.888  quit message from wb_serve
2026-10-03 17:23:12.059  exit
2026-10-03 18:20:48.329  start file:///D:/HT9045/_integ_ioweb/web/boot_wait.html
2026-10-03 18:20:48.353  WebView2 Runtime 154.0.4258.48
2026-10-03 18:20:48.937  navigate file:///D:/HT9045/_integ_ioweb/web/boot_wait.html (debug=1)
2026-10-03 18:21:32.496  close: YES -> main screen Exit
2026-10-03 18:21:32.498  close: page answered 0x00000000 "none"
2026-10-03 18:21:32.568  exit
